###############################################################################
#
# IAR ELF Linker V7.40.3.8902/W32 for ARM                 03/Oct/2015  16:01:27
# Copyright 2007-2015 IAR Systems AB.
#
#    Output file  =  
#        C:\Users\Manuel\Documents\Software\prototype\app\cdc\iar_ew\kinetis\Flash_Debug_K40\Exe\MED-EKG
#        K53.out
#    Map file     =  
#        C:\Users\Manuel\Documents\Software\prototype\app\cdc\iar_ew\kinetis\Flash_Debug_K40\List\MED-EKG
#        K53.map
#    Command line =  
#        C:\Users\Manuel\Documents\Software\prototype\app\cdc\iar_ew\kinetis\Flash_Debug_K40\Obj\ADC.o
#        C:\Users\Manuel\Documents\Software\prototype\app\cdc\iar_ew\kinetis\Flash_Debug_K40\Obj\AverageFilter.o
#        C:\Users\Manuel\Documents\Software\prototype\app\cdc\iar_ew\kinetis\Flash_Debug_K40\Obj\Bluetooth.o
#        C:\Users\Manuel\Documents\Software\prototype\app\cdc\iar_ew\kinetis\Flash_Debug_K40\Obj\cstartup_M.o
#        C:\Users\Manuel\Documents\Software\prototype\app\cdc\iar_ew\kinetis\Flash_Debug_K40\Obj\DAC.o
#        C:\Users\Manuel\Documents\Software\prototype\app\cdc\iar_ew\kinetis\Flash_Debug_K40\Obj\dsp.o
#        C:\Users\Manuel\Documents\Software\prototype\app\cdc\iar_ew\kinetis\Flash_Debug_K40\Obj\Ecg.o
#        C:\Users\Manuel\Documents\Software\prototype\app\cdc\iar_ew\kinetis\Flash_Debug_K40\Obj\ekg.o
#        C:\Users\Manuel\Documents\Software\prototype\app\cdc\iar_ew\kinetis\Flash_Debug_K40\Obj\HeartRate.o
#        C:\Users\Manuel\Documents\Software\prototype\app\cdc\iar_ew\kinetis\Flash_Debug_K40\Obj\IICV1Driver.o
#        C:\Users\Manuel\Documents\Software\prototype\app\cdc\iar_ew\kinetis\Flash_Debug_K40\Obj\Kinetis_FIR.o
#        C:\Users\Manuel\Documents\Software\prototype\app\cdc\iar_ew\kinetis\Flash_Debug_K40\Obj\Kinetis_FTM.o
#        C:\Users\Manuel\Documents\Software\prototype\app\cdc\iar_ew\kinetis\Flash_Debug_K40\Obj\low_level_init.o
#        C:\Users\Manuel\Documents\Software\prototype\app\cdc\iar_ew\kinetis\Flash_Debug_K40\Obj\main_kinetis.o
#        C:\Users\Manuel\Documents\Software\prototype\app\cdc\iar_ew\kinetis\Flash_Debug_K40\Obj\OPAMP.o
#        C:\Users\Manuel\Documents\Software\prototype\app\cdc\iar_ew\kinetis\Flash_Debug_K40\Obj\RealTimerCounter_kinetis.o
#        C:\Users\Manuel\Documents\Software\prototype\app\cdc\iar_ew\kinetis\Flash_Debug_K40\Obj\uart.o
#        C:\Users\Manuel\Documents\Software\prototype\app\cdc\iar_ew\kinetis\Flash_Debug_K40\Obj\usb_cdc.o
#        C:\Users\Manuel\Documents\Software\prototype\app\cdc\iar_ew\kinetis\Flash_Debug_K40\Obj\usb_cdc_pstn.o
#        C:\Users\Manuel\Documents\Software\prototype\app\cdc\iar_ew\kinetis\Flash_Debug_K40\Obj\usb_class.o
#        C:\Users\Manuel\Documents\Software\prototype\app\cdc\iar_ew\kinetis\Flash_Debug_K40\Obj\usb_dci_kinetis.o
#        C:\Users\Manuel\Documents\Software\prototype\app\cdc\iar_ew\kinetis\Flash_Debug_K40\Obj\usb_descriptor.o
#        C:\Users\Manuel\Documents\Software\prototype\app\cdc\iar_ew\kinetis\Flash_Debug_K40\Obj\usb_driver.o
#        C:\Users\Manuel\Documents\Software\prototype\app\cdc\iar_ew\kinetis\Flash_Debug_K40\Obj\usb_framework.o
#        C:\Users\Manuel\Documents\Software\prototype\app\cdc\iar_ew\kinetis\Flash_Debug_K40\Obj\wdt_kinetis.o
#        -o
#        "C:\Users\Manuel\Documents\Software\prototype\app\cdc\iar_ew\kinetis\Flash_Debug_K40\Exe\MED-EKG
#        K53.out" --redirect _Printf=_PrintfFull --redirect _Scanf=_ScanfFull
#        --map
#        "C:\Users\Manuel\Documents\Software\prototype\app\cdc\iar_ew\kinetis\Flash_Debug_K40\List\MED-EKG
#        K53.map" --config
#        C:\Users\Manuel\Documents\Software\prototype\app\cdc\iar_ew\kinetis\config\MK40N512VMD100_Flash.icf
#        --semihosting --entry __iar_program_start --vfe
#
###############################################################################

*******************************************************************************
*** RUNTIME MODEL ATTRIBUTES
***

CppFlavor       = *
__SystemLibrary = DLib


*******************************************************************************
*** PLACEMENT SUMMARY
***

"A1":  place at 0x00000000 { ro section .intvec };
"P1":  place in [from 0x00000000 to 0x000003ff] |
                [from 0x00000410 to 0x0007ffff] { ro };
"P2":  place in [from 0x20000000 to 0x2000ffff] { rw, block CSTACK, block HEAP };

  Section            Kind        Address    Size  Object
  -------            ----        -------    ----  ------
"A1":                                      0x1b0
  .intvec            ro code  0x00000000   0x1b0  cstartup_M.o [1]
                            - 0x000001b0   0x1b0

"P1", part 1 of 2:                         0x218
  .rodata            const    0x000001b0     0x0  zero_init3.o [4]
  .rodata            const    0x000001b0     0x0  copy_init3.o [4]
  Initializer bytes  const    0x000001b0   0x218  <for P2 s0>
                            - 0x000003c8   0x218

"P1", part 2 of 2:                        0x3b6c
  .text              ro code  0x00000410   0xb2a  usb_dci_kinetis.o [1]
  .rodata            const    0x00000f3a     0x2  usb_descriptor.o [1]
  .text              ro code  0x00000f3c   0x23c  usb_driver.o [1]
  .text              ro code  0x00001178    0x18  wdt_kinetis.o [1]
  .text              ro code  0x00001190    0x66  ABImemset.o [4]
  .text              ro code  0x000011f6     0x2  cstartup_M.o [1]
  .text              ro code  0x000011f8   0x644  ekg.o [1]
  .text              ro code  0x0000183c    0x38  DAC.o [1]
  .text              ro code  0x00001874    0xa0  ADC.o [1]
  .text              ro code  0x00001914    0x74  OPAMP.o [1]
  .text              ro code  0x00001988    0x68  Kinetis_FTM.o [1]
  .text              ro code  0x000019f0   0x614  Ecg.o [1]
  .text              ro code  0x00002004   0x5c0  usb_cdc.o [1]
  .text              ro code  0x000025c4   0x23c  usb_class.o [1]
  .text              ro code  0x00002800   0x13e  Kinetis_FIR.o [1]
  .text              ro code  0x00002940   0x10a  uart.o [1]
  .text              ro code  0x00002a4a    0x42  AverageFilter.o [1]
  .text              ro code  0x00002a8c   0x16c  RealTimerCounter_kinetis.o [1]
  .text              ro code  0x00002bf8   0x1f4  usb_descriptor.o [1]
  .text              ro code  0x00002dec   0x18c  usb_cdc_pstn.o [1]
  .text              ro code  0x00002f78   0x50c  usb_framework.o [1]
  .text              ro code  0x00003484   0x260  HeartRate.o [1]
  .noinit            ro code  0x000036e4   0x26a  dsp.o [1]
  .text              ro code  0x00003950    0x76  ABImemcpy_unaligned.o [4]
  Veneer             ro code  0x000039c8     0x8  - Linker created -
  .text              ro code  0x000039d0   0x234  main_kinetis.o [1]
  .rodata            const    0x00003c04    0xac  ekg.o [1]
  .text              ro code  0x00003cb0    0x80  IICV1Driver.o [1]
  .text              ro code  0x00003d30    0x40  zero_init3.o [4]
  .rodata            const    0x00003d70    0x34  usb_framework.o [1]
  .text              ro code  0x00003da4    0x2c  low_level_init.o [1]
  .text              ro code  0x00003dd0    0x2c  copy_init3.o [4]
  .rodata            const    0x00003dfc    0x28  usb_framework.o [1]
  .text              ro code  0x00003e24    0x28  data_init.o [4]
  .iar.init_table    const    0x00003e4c    0x24  - Linker created -
  .rodata            const    0x00003e70    0x20  usb_descriptor.o [1]
  .text              ro code  0x00003e90    0x1a  cmain.o [4]
  .text              ro code  0x00003eaa     0x4  exit.o [3]
  .text              ro code  0x00003eb0     0xa  cexit.o [4]
  .text              ro code  0x00003ebc    0x14  exit.o [5]
  .rodata            const    0x00003ed0    0x14  ekg.o [1]
  .rodata            const    0x00003ee4    0x14  ekg.o [1]
  .rodata            const    0x00003ef8    0x14  HeartRate.o [1]
  .rodata            const    0x00003f0c    0x14  usb_descriptor.o [1]
  .rodata            const    0x00003f20    0x10  usb_descriptor.o [1]
  .rodata            const    0x00003f30    0x10  usb_descriptor.o [1]
  .rodata            const    0x00003f40    0x10  usb_descriptor.o [1]
  .rodata            const    0x00003f50     0xc  main_kinetis.o [1]
  .text              ro code  0x00003f5c     0xc  cstartup_M.o [4]
  .rodata            const    0x00003f68     0x8  Ecg.o [1]
  .rodata            const    0x00003f70     0x8  usb_dci_kinetis.o [1]
  .rodata            const    0x00003f78     0x4  usb_descriptor.o [1]
                            - 0x00003f7c  0x3b6c

"P2":                                     0x4f58
  P2 s0                       0x20000000   0x218  <Init block>
    .data            inited   0x20000000    0xd0  Kinetis_FIR.o [1]
    .textrw          inited   0x200000d0    0x4c  main_kinetis.o [1]
    .data            inited   0x2000011c    0x44  usb_descriptor.o [1]
    .data            inited   0x20000160    0x3c  usb_descriptor.o [1]
    .data            inited   0x2000019c    0x24  usb_descriptor.o [1]
    .data            inited   0x200001c0    0x20  usb_descriptor.o [1]
    .data            inited   0x200001e0    0x14  usb_descriptor.o [1]
    .data            inited   0x200001f4     0xc  usb_cdc_pstn.o [1]
    .data            inited   0x20000200     0x8  usb_descriptor.o [1]
    .data            inited   0x20000208     0x4  usb_descriptor.o [1]
    .data            inited   0x2000020c     0x2  HeartRate.o [1]
    .data            inited   0x2000020e     0x2  HeartRate.o [1]
    .data            inited   0x20000210     0x1  ekg.o [1]
    .data            inited   0x20000211     0x1  HeartRate.o [1]
    .data            inited   0x20000212     0x1  Kinetis_FIR.o [1]
    .data            inited   0x20000213     0x1  Kinetis_FIR.o [1]
    .data            inited   0x20000214     0x1  usb_dci_kinetis.o [1]
  .bss               zero     0x20000400   0x400  usb_dci_kinetis.o [1]
  .bss               zero     0x20000800   0x240  usb_dci_kinetis.o [1]
  .bss               zero     0x20000a40    0xcc  Kinetis_FIR.o [1]
  .bss               zero     0x20000b0c    0x9c  usb_cdc.o [1]
  .bss               zero     0x20000ba8    0x80  Kinetis_FIR.o [1]
  .bss               zero     0x20000c28    0x78  ekg.o [1]
  .bss               zero     0x20000ca0    0x78  ekg.o [1]
  .bss               zero     0x20000d18    0x60  usb_driver.o [1]
  .bss               zero     0x20000d78    0x40  Ecg.o [1]
  .bss               zero     0x20000db8    0x28  RealTimerCounter_kinetis.o [1]
  .bss               zero     0x20000de0    0x20  Ecg.o [1]
  .bss               zero     0x20000e00    0x20  Ecg.o [1]
  .bss               zero     0x20000e20    0x20  Ecg.o [1]
  .bss               zero     0x20000e40    0x20  usb_framework.o [1]
  .bss               zero     0x20000e60    0x18  Ecg.o [1]
  .bss               zero     0x20000e78    0x18  Ecg.o [1]
  .bss               zero     0x20000e90    0x10  usb_driver.o [1]
  .bss               zero     0x20000ea0    0x10  usb_driver.o [1]
  .bss               zero     0x20000eb0     0xc  HeartRate.o [1]
  .bss               zero     0x20000ebc     0x8  Ecg.o [1]
  .bss               zero     0x20000ec4     0x8  usb_framework.o [1]
  .bss               zero     0x20000ecc     0x4  IICV1Driver.o [1]
  .bss               zero     0x20000ed0     0x4  main_kinetis.o [1]
  .bss               zero     0x20000ed4     0x4  usb_cdc.o [1]
  .bss               zero     0x20000ed8     0x4  usb_cdc.o [1]
  .bss               zero     0x20000edc     0x4  usb_cdc_pstn.o [1]
  .bss               zero     0x20000ee0     0x4  usb_cdc_pstn.o [1]
  .bss               zero     0x20000ee4     0x4  usb_class.o [1]
  .bss               zero     0x20000ee8     0x4  usb_dci_kinetis.o [1]
  .bss               zero     0x20000eec     0x4  usb_dci_kinetis.o [1]
  .bss               zero     0x20000ef0     0x4  usb_framework.o [1]
  .bss               zero     0x20000ef4     0x4  usb_framework.o [1]
  .bss               zero     0x20000ef8     0x2  Ecg.o [1]
  .bss               zero     0x20000efa     0x2  Ecg.o [1]
  .bss               zero     0x20000efc     0x2  Ecg.o [1]
  .bss               zero     0x20000efe     0x2  Ecg.o [1]
  .bss               zero     0x20000f00     0x2  Ecg.o [1]
  .bss               zero     0x20000f02     0x2  Ecg.o [1]
  .bss               zero     0x20000f04     0x2  Ecg.o [1]
  .bss               zero     0x20000f06     0x2  Ecg.o [1]
  .bss               zero     0x20000f08     0x2  Ecg.o [1]
  .bss               zero     0x20000f0a     0x2  Ecg.o [1]
  .bss               zero     0x20000f0c     0x2  ekg.o [1]
  .bss               zero     0x20000f0e     0x2  ekg.o [1]
  .bss               zero     0x20000f10     0x2  HeartRate.o [1]
  .bss               zero     0x20000f12     0x2  HeartRate.o [1]
  .bss               zero     0x20000f14     0x2  HeartRate.o [1]
  .bss               zero     0x20000f16     0x2  HeartRate.o [1]
  .bss               zero     0x20000f18     0x2  HeartRate.o [1]
  .bss               zero     0x20000f1a     0x2  HeartRate.o [1]
  .bss               zero     0x20000f1c     0x2  HeartRate.o [1]
  .bss               zero     0x20000f1e     0x2  HeartRate.o [1]
  .bss               zero     0x20000f20     0x2  HeartRate.o [1]
  .bss               zero     0x20000f22     0x2  HeartRate.o [1]
  .bss               zero     0x20000f24     0x2  HeartRate.o [1]
  .bss               zero     0x20000f26     0x2  usb_cdc_pstn.o [1]
  .bss               zero     0x20000f28     0x2  usb_class.o [1]
  .bss               zero     0x20000f2a     0x2  usb_descriptor.o [1]
  .bss               zero     0x20000f2c     0x2  usb_descriptor.o [1]
  .bss               zero     0x20000f2e     0x2  usb_framework.o [1]
  .bss               zero     0x20000f30     0x1  Ecg.o [1]
  .bss               zero     0x20000f31     0x1  Ecg.o [1]
  .bss               zero     0x20000f32     0x1  Ecg.o [1]
  .bss               zero     0x20000f33     0x1  Ecg.o [1]
  .bss               zero     0x20000f34     0x1  Ecg.o [1]
  .bss               zero     0x20000f35     0x1  Ecg.o [1]
  .bss               zero     0x20000f36     0x1  Ecg.o [1]
  .bss               zero     0x20000f37     0x1  Ecg.o [1]
  .bss               zero     0x20000f38     0x1  Ecg.o [1]
  .bss               zero     0x20000f39     0x1  Ecg.o [1]
  .bss               zero     0x20000f3a     0x1  Ecg.o [1]
  .bss               zero     0x20000f3b     0x1  Ecg.o [1]
  .bss               zero     0x20000f3c     0x1  Ecg.o [1]
  .bss               zero     0x20000f3d     0x1  Ecg.o [1]
  .bss               zero     0x20000f3e     0x1  Ecg.o [1]
  .bss               zero     0x20000f3f     0x1  ekg.o [1]
  .bss               zero     0x20000f40     0x1  ekg.o [1]
  .bss               zero     0x20000f41     0x1  ekg.o [1]
  .bss               zero     0x20000f42     0x1  ekg.o [1]
  .bss               zero     0x20000f43     0x1  ekg.o [1]
  .bss               zero     0x20000f44     0x1  HeartRate.o [1]
  .bss               zero     0x20000f45     0x1  HeartRate.o [1]
  .bss               zero     0x20000f46     0x1  HeartRate.o [1]
  .bss               zero     0x20000f47     0x1  IICV1Driver.o [1]
  .bss               zero     0x20000f48     0x1  Kinetis_FIR.o [1]
  .bss               zero     0x20000f49     0x1  Kinetis_FTM.o [1]
  .bss               zero     0x20000f4a     0x1  main_kinetis.o [1]
  .bss               zero     0x20000f4b     0x1  main_kinetis.o [1]
  .bss               zero     0x20000f4c     0x1  usb_cdc_pstn.o [1]
  .bss               zero     0x20000f4d     0x1  usb_cdc_pstn.o [1]
  .bss               zero     0x20000f4e     0x1  usb_cdc_pstn.o [1]
  .bss               zero     0x20000f4f     0x1  usb_dci_kinetis.o [1]
  .bss               zero     0x20000f50     0x1  usb_descriptor.o [1]
  .bss               zero     0x20000f51     0x1  usb_driver.o [1]
  .bss               zero     0x20000f52     0x1  usb_driver.o [1]
  .bss               zero     0x20000f53     0x1  usb_framework.o [1]
  CSTACK                      0x20000f58  0x4000  <Block>
    CSTACK           uninit   0x20000f58  0x4000  <Block tail>
                            - 0x20004f58  0x4f58

Absolute sections, part 1 of 2:              0x1
  .noinit            uninit   0x40067003     0x1  IICV1Driver.o [1]
                            - 0x40067004     0x1

Absolute sections, part 2 of 2:              0x4
  .noinit            uninit   0x400cc000     0x4  Ecg.o [1]
                            - 0x400cc004     0x4


*******************************************************************************
*** INIT TABLE
***

          Address     Size
          -------     ----
Zero (__iar_zero_init3)
    1 destination range, total size 0xb54:
          0x20000400  0xb54

Copy (__iar_copy_init3)
    1 source range, total size 0x218 (100% of destination):
          0x000001b0  0x218
    1 destination range, total size 0x215:
          0x20000000  0x215



*******************************************************************************
*** MODULE SUMMARY
***

    Module                      ro code  rw code  ro data  rw data  rw data
                                                                     (abs)
    ------                      -------  -------  -------  -------  -------
C:\Users\Manuel\Documents\Software\prototype\app\cdc\iar_ew\kinetis\Flash_Debug_K40\Obj: [1]
    ADC.o                           160
    AverageFilter.o                  66
    DAC.o                            56
    Ecg.o                         1 556                 8      251        4
    HeartRate.o                     608                25       42
    IICV1Driver.o                   128                          5        1
    Kinetis_FIR.o                   318               210      543
    Kinetis_FTM.o                   104                          1
    OPAMP.o                         116
    RealTimerCounter_kinetis.o      364                         40
    cstartup_M.o                    434
    dsp.o                           618
    ekg.o                         1 604               213      250
    low_level_init.o                 44
    main_kinetis.o                  564       76       88        6
    uart.o                          266
    usb_cdc.o                     1 472                        164
    usb_cdc_pstn.o                  396                12       25
    usb_class.o                     572                          6
    usb_dci_kinetis.o             2 858                 9    1 610
    usb_descriptor.o                500               334      233
    usb_driver.o                    572                        130
    usb_framework.o               1 292                92       51
    wdt_kinetis.o                    24
    -----------------------------------------------------------------------
    Total:                       14 692       76      991    3 357        5

command line: [2]
    -----------------------------------------------------------------------
    Total:

dl7M_tln.a: [3]
    exit.o                            4
    -----------------------------------------------------------------------
    Total:                            4

rt7M_tl.a: [4]
    ABImemcpy_unaligned.o           118
    ABImemset.o                     102
    cexit.o                          10
    cmain.o                          26
    copy_init3.o                     44
    cstartup_M.o                     12
    data_init.o                      40
    zero_init3.o                     64
    -----------------------------------------------------------------------
    Total:                          416

shb_l.a: [5]
    exit.o                           20
    -----------------------------------------------------------------------
    Total:                           20

    Gaps                             10                        488
    Linker created                    8                39   16 384
---------------------------------------------------------------------------
    Grand Total:                 15 150       76    1 030   20 229        5


*******************************************************************************
*** ENTRY LIST
***

Entry                      Address   Size  Type      Object
-----                      -------   ----  ----      ------
.iar.init_table$$Base   0x00003e4c          --   Gb  - Linker created -
.iar.init_table$$Limit  0x00003e70          --   Gb  - Linker created -
?main                   0x00003e91         Code  Gb  cmain.o [4]
ADC0_Init16b            0x00001875   0x1a  Code  Gb  ADC.o [1]
ADC0_Read16b            0x000018a9   0x22  Code  Gb  ADC.o [1]
ADC1_Init16b            0x0000188f   0x1a  Code  Gb  ADC.o [1]
ADC1_Read16b            0x000018cb   0x22  Code  Gb  ADC.o [1]
AGC_task                0x00003575   0xc8  Code  Gb  HeartRate.o [1]
ActualMeasurement       0x20000f43    0x1  Data  Lc  ekg.o [1]
AddTimerQ               0x00002aa1   0x60  Code  Gb  RealTimerCounter_kinetis.o [1]
AmpGain                 0x00003ee4   0x14  Data  Gb  ekg.o [1]
Amplitude_value         0x20000f1e    0x2  Data  Gb  HeartRate.o [1]
Averaged_HR             0x20000f16    0x2  Data  Gb  HeartRate.o [1]
BeatsPeriod             0x20000f24    0x2  Data  Gb  HeartRate.o [1]
CSTACK$$Base            0x20000f58          --   Gb  - Linker created -
CSTACK$$Limit           0x20004f58          --   Gb  - Linker created -
CalculateHeartRateMedian
                        0x00001ec3   0xb0  Code  Lc  Ecg.o [1]
ClearAllVariables       0x00001e13   0x66  Code  Lc  Ecg.o [1]
Clear_Mem               0x00000f2d    0xe  Code  Gb  usb_dci_kinetis.o [1]
CopyOfEcgHeartRateArray
                        0x20000e00   0x20  Data  Lc  Ecg.o [1]
DAC12_Vin_SWtrig        0x0000183d   0x38  Code  Gb  DAC.o [1]
DACDATx                 0x400cc000    0x4  Data  Gb  Ecg.o [1]
DisableTimerInterrupt   0x00002b81    0xe  Code  Lc  RealTimerCounter_kinetis.o [1]
EcgActualEvent          0x20000f37    0x1  Data  Lc  Ecg.o [1]
EcgActualState          0x20000f35    0x1  Data  Lc  Ecg.o [1]
EcgCurrentArrayPosition
                        0x20000f32    0x1  Data  Lc  Ecg.o [1]
EcgDataBuffer           0x20000d78   0x40  Data  Gb  Ecg.o [1]
EcgDiagnosticModeNewDataReadyInd
                        0x00001677  0x12c  Code  Lc  ekg.o [1]
EcgDiagnosticModeStartMeasurementReq
                        0x0000159d   0x84  Code  Lc  ekg.o [1]
EcgDiagnosticModeStopMeasurementReq
                        0x00001621   0x56  Code  Lc  ekg.o [1]
EcgFirstSample          0x20000efc    0x2  Data  Lc  Ecg.o [1]
EcgHeartRateArray       0x20000de0   0x20  Data  Lc  Ecg.o [1]
EcgHeartRateSum         0x20000efa    0x2  Data  Lc  Ecg.o [1]
EcgSecondSample         0x20000efe    0x2  Data  Lc  Ecg.o [1]
EcgSignal               0x20000e78   0x18  Data  Lc  Ecg.o [1]
EcgStateMachine         0x00003f68    0x8  Data  Gb  Ecg.o [1]
EcgThirdSample          0x20000f00    0x2  Data  Lc  Ecg.o [1]
Ecg_DiagnosticModeStartMeasurement
                        0x00001ddb   0x38  Code  Gb  Ecg.o [1]
Ecg_DiagnosticModeStopMeasurement
                        0x00001e79   0x12  Code  Gb  Ecg.o [1]
Ecg_Events              0x00003ed0   0x14  Data  Gb  ekg.o [1]
Ecg_HeartRate           0x20000f30    0x1  Data  Gb  Ecg.o [1]
Ecg_Init                0x00001dcd    0xe  Code  Gb  Ecg.o [1]
Ecg_PeriodicTask        0x00001e8b   0x38  Code  Gb  Ecg.o [1]
EnableTimerInterrupt    0x00002b73    0xe  Code  Lc  RealTimerCounter_kinetis.o [1]
ExecuteCommandReq       0x00003c04   0xac  Data  Gb  ekg.o [1]
FTM0_ISR                0x000019bd   0x1c  Code  Gb  Kinetis_FTM.o [1]
FTM0_Init               0x00001989   0x34  Code  Gb  Kinetis_FTM.o [1]
Fault                   0x20000ed0    0x4  Data  Gb  main_kinetis.o [1]
FeedbackSignal          0x20000e60   0x18  Data  Lc  Ecg.o [1]
FirstSample             0x20000f10    0x2  Data  Gb  HeartRate.o [1]
GPIO_Init               0x00003a35    0x2  Code  Gb  main_kinetis.o [1]
HR_AmpGain              0x00003ef8   0x14  Data  Gb  HeartRate.o [1]
HR_buffer               0x20000eb0    0xc  Data  Gb  HeartRate.o [1]
HR_buffer_index         0x20000f44    0x1  Data  Gb  HeartRate.o [1]
HR_calculation          0x000034f5   0x80  Code  Gb  HeartRate.o [1]
HR_periodic_task        0x00003485   0x70  Code  Gb  HeartRate.o [1]
HR_watchdog             0x20000f18    0x2  Data  Gb  HeartRate.o [1]
HeartBeatOcurred        0x20000f33    0x1  Data  Lc  Ecg.o [1]
ISR_Tracker             0x00003b8d    0xc  Code  Gb  main_kinetis.o [1]
Init_Sys                0x00003a37   0xcc  Code  Lc  main_kinetis.o [1]
IsEcgSignalReady        0x20000f34    0x1  Data  Lc  Ecg.o [1]
IsHeartRateMode         0x20000f38    0x1  Data  Lc  Ecg.o [1]
IsNewEcgSampleReady     0x20000f39    0x1  Data  Lc  Ecg.o [1]
KeyPressSimulationTimerCallback
                        0x00003a09   0x2c  Code  Lc  main_kinetis.o [1]
Max_value               0x20000f1c    0x2  Data  Gb  HeartRate.o [1]
Min_value               0x2000020e    0x2  Data  Gb  HeartRate.o [1]
MovingAverage_PushNewValue16b
                        0x00002a4b   0x42  Code  Gb  AverageFilter.o [1]
NewPulseTime            0x20000f22    0x2  Data  Gb  HeartRate.o [1]
OldPulseTime            0x20000f20    0x2  Data  Gb  HeartRate.o [1]
PerformControlAlgorithm
                        0x000019f3  0x21c  Code  Lc  Ecg.o [1]
PulseDetectedWatchDog   0x20000f04    0x2  Data  Lc  Ecg.o [1]
QRSFound                0x20000f31    0x1  Data  Lc  Ecg.o [1]
RealTimeHeartRate       0x20000ef8    0x2  Data  Lc  Ecg.o [1]
Region$$Table$$Base     0x00003e4c          --   Gb  - Linker created -
Region$$Table$$Limit    0x00003e70          --   Gb  - Linker created -
RemoveTimerQ            0x00002b01   0x2c  Code  Gb  RealTimerCounter_kinetis.o [1]
SampleCounter           0x20000f3a    0x1  Data  Gb  Ecg.o [1]
Sample_compare          0x2000020c    0x2  Data  Gb  HeartRate.o [1]
Sample_number           0x20000f1a    0x2  Data  Gb  HeartRate.o [1]
SecondSample            0x20000f12    0x2  Data  Gb  HeartRate.o [1]
SendGraphDataToPc       0x00001d7f   0x46  Code  Lc  Ecg.o [1]
StartKeyPressSimulationTimer
                        0x000039ef   0x18  Code  Lc  main_kinetis.o [1]
StateIdle               0x000019f1    0x2  Code  Lc  Ecg.o [1]
StateMeasuring          0x00001c0f  0x170  Code  Lc  Ecg.o [1]
TRIAMP1C0_HighMode      0x0000192f   0x14  Code  Gb  OPAMP.o [1]
TRIAMP2C0_HighMode      0x00001943   0x14  Code  Gb  OPAMP.o [1]
TestApp_Init            0x000011f9   0xf0  Code  Gb  ekg.o [1]
TestApp_Task            0x000012e9  0x186  Code  Gb  ekg.o [1]
ThirdSample             0x20000f14    0x2  Data  Gb  HeartRate.o [1]
TimerEcgSampleAdc       0x20000ebc    0x8  Data  Lc  Ecg.o [1]
TimerEcgSampleAdcIndex  0x20000f36    0x1  Data  Lc  Ecg.o [1]
TimerInit               0x00002b2d   0x46  Code  Lc  RealTimerCounter_kinetis.o [1]
TimerQInitialize        0x00002a8d   0x14  Code  Gb  RealTimerCounter_kinetis.o [1]
TimerSampleAdc_Event    0x00001dc5    0x8  Code  Lc  Ecg.o [1]
Timer_ISR               0x00002b8f   0x4c  Code  Gb  RealTimerCounter_kinetis.o [1]
USB_App_Callback        0x000014f9   0x80  Code  Lc  ekg.o [1]
USB_Bus_Reset_Handler   0x00000411   0xa2  Code  Lc  usb_dci_kinetis.o [1]
USB_Bus_Token_Cpl_Handler
                        0x00000b3d  0x1dc  Code  Lc  usb_dci_kinetis.o [1]
USB_Class_CDC_Event     0x00002203  0x11c  Code  Lc  usb_cdc.o [1]
USB_Class_CDC_Init      0x000023e7   0xae  Code  Gb  usb_cdc.o [1]
USB_Class_CDC_PSTN_Get_Comm_Feature
                        0x00002ebb   0x40  Code  Gb  usb_cdc_pstn.o [1]
USB_Class_CDC_PSTN_Get_Line_Coding
                        0x00002df7   0x16  Code  Gb  usb_cdc_pstn.o [1]
USB_Class_CDC_PSTN_Send_Break
                        0x00002ead    0xe  Code  Gb  usb_cdc_pstn.o [1]
USB_Class_CDC_PSTN_Send_Serial_State
                        0x00002f3b   0x20  Code  Gb  usb_cdc_pstn.o [1]
USB_Class_CDC_PSTN_Set_Comm_Feature
                        0x00002efb   0x40  Code  Gb  usb_cdc_pstn.o [1]
USB_Class_CDC_PSTN_Set_Ctrl_Line_State
                        0x00002e2b   0x82  Code  Gb  usb_cdc_pstn.o [1]
USB_Class_CDC_PSTN_Set_Line_Coding
                        0x00002e0d   0x1e  Code  Gb  usb_cdc_pstn.o [1]
USB_Class_CDC_Pstn_Init
                        0x00002ded    0xa  Code  Gb  usb_cdc_pstn.o [1]
USB_Class_CDC_Send_Data
                        0x00002495  0x10c  Code  Gb  usb_cdc.o [1]
USB_Class_CDC_Service_Cic_Notify
                        0x00002005   0xd2  Code  Lc  usb_cdc.o [1]
USB_Class_CDC_Service_Dic_Bulk_In
                        0x000020d7   0xec  Code  Lc  usb_cdc.o [1]
USB_Class_CDC_Service_Dic_Bulk_Out
                        0x000021c3   0x40  Code  Lc  usb_cdc.o [1]
USB_Class_Init          0x000026cb   0x88  Code  Gb  usb_class.o [1]
USB_Class_Periodic_Task
                        0x000027ff    0x2  Code  Gb  usb_class.o [1]
USB_Class_Send_Data     0x00002775   0x8a  Code  Gb  usb_class.o [1]
USB_Control_Service     0x00002f9d  0x17a  Code  Lc  usb_framework.o [1]
USB_Control_Service_Handler
                        0x00003117   0x4e  Code  Lc  usb_framework.o [1]
USB_DCI_Deinit_EndPoint
                        0x000007d5   0x86  Code  Gb  usb_dci_kinetis.o [1]
USB_DCI_Get_BDT_Index   0x000004b3   0x1e  Code  Lc  usb_dci_kinetis.o [1]
USB_DCI_Init            0x0000052b   0xe4  Code  Gb  usb_dci_kinetis.o [1]
USB_DCI_Init_EndPoint   0x0000060f  0x164  Code  Gb  usb_dci_kinetis.o [1]
USB_DCI_Prepare_Send_Data
                        0x00000501   0x2a  Code  Lc  usb_dci_kinetis.o [1]
USB_DCI_Validate_Param  0x000004d1   0x30  Code  Lc  usb_dci_kinetis.o [1]
USB_Desc_Get_Abstract_State
                        0x00002d39   0x18  Code  Gb  usb_descriptor.o [1]
USB_Desc_Get_Country_Setting
                        0x00002d51   0x18  Code  Gb  usb_descriptor.o [1]
USB_Desc_Get_Descriptor
                        0x00002bf9   0x9e  Code  Gb  usb_descriptor.o [1]
USB_Desc_Get_Endpoints  0x00002ce7    0x4  Code  Gb  usb_descriptor.o [1]
USB_Desc_Get_Interface  0x00002c97   0x16  Code  Gb  usb_descriptor.o [1]
USB_Desc_Get_Line_Coding
                        0x00002ceb   0x1a  Code  Gb  usb_descriptor.o [1]
USB_Desc_Remote_Wakeup  0x00002ce3    0x4  Code  Gb  usb_descriptor.o [1]
USB_Desc_Set_Abstract_State
                        0x00002d69   0x30  Code  Gb  usb_descriptor.o [1]
USB_Desc_Set_Country_Setting
                        0x00002d99   0x30  Code  Gb  usb_descriptor.o [1]
USB_Desc_Set_Interface  0x00002cad   0x14  Code  Gb  usb_descriptor.o [1]
USB_Desc_Set_Line_Coding
                        0x00002d05   0x34  Code  Gb  usb_descriptor.o [1]
USB_Desc_Valid_Configation
                        0x00002cc1   0x22  Code  Gb  usb_descriptor.o [1]
USB_Device_Assert_Resume
                        0x00000ac9   0x74  Code  Gb  usb_dci_kinetis.o [1]
USB_Device_Call_Service
                        0x00001135   0x2c  Code  Gb  usb_driver.o [1]
USB_Device_Cancel_Transfer
                        0x00000773   0x62  Code  Gb  usb_dci_kinetis.o [1]
USB_Device_Deinit_EndPoint
                        0x00000fe9   0x46  Code  Gb  usb_driver.o [1]
USB_Device_Get_Status   0x0000102f   0x3c  Code  Gb  usb_driver.o [1]
USB_Device_Init         0x00000f77   0x32  Code  Gb  usb_driver.o [1]
USB_Device_Init_EndPoint
                        0x00000fa9   0x40  Code  Gb  usb_driver.o [1]
USB_Device_Init_Params  0x00000f3d   0x3a  Code  Lc  usb_driver.o [1]
USB_Device_Recv_Data    0x00000961   0xbc  Code  Gb  usb_dci_kinetis.o [1]
USB_Device_Register_Service
                        0x00001109   0x2c  Code  Gb  usb_driver.o [1]
USB_Device_Send_Data    0x00000a1d   0x94  Code  Gb  usb_dci_kinetis.o [1]
USB_Device_Set_Address  0x00000ab1   0x18  Code  Gb  usb_dci_kinetis.o [1]
USB_Device_Set_Status   0x0000106b   0x9e  Code  Gb  usb_driver.o [1]
USB_Device_Stall_EndPoint
                        0x0000085b   0x5c  Code  Gb  usb_dci_kinetis.o [1]
USB_Device_Unstall_EndPoint
                        0x000008b7   0xaa  Code  Gb  usb_dci_kinetis.o [1]
USB_Error_Service       0x000026b9   0x12  Code  Lc  usb_class.o [1]
USB_Framework_Init      0x00002f79   0x24  Code  Gb  usb_framework.o [1]
USB_ISR                 0x00000d19  0x1ae  Code  Gb  usb_dci_kinetis.o [1]
USB_Notify_Callback     0x00001579   0x24  Code  Lc  ekg.o [1]
USB_Other_Requests      0x0000231f   0xc8  Code  Lc  usb_cdc.o [1]
USB_Reset_Service       0x0000263b   0x7e  Code  Lc  usb_class.o [1]
USB_Resume_Service      0x000025df   0x26  Code  Lc  usb_class.o [1]
USB_STR_0               0x20000208    0x4  Data  Gb  usb_descriptor.o [1]
USB_STR_1               0x20000160   0x3c  Data  Gb  usb_descriptor.o [1]
USB_STR_2               0x200001c0   0x20  Data  Gb  usb_descriptor.o [1]
USB_STR_n               0x2000019c   0x24  Data  Gb  usb_descriptor.o [1]
USB_Sof_Service         0x00002621   0x1a  Code  Lc  usb_class.o [1]
USB_Stall_Service       0x00002605   0x1c  Code  Lc  usb_class.o [1]
USB_Strd_Req_Assign_Address
                        0x00003315   0x30  Code  Lc  usb_framework.o [1]
USB_Strd_Req_Feature    0x000031eb  0x10e  Code  Lc  usb_framework.o [1]
USB_Strd_Req_Get_Config
                        0x00003345   0x22  Code  Lc  usb_framework.o [1]
USB_Strd_Req_Get_Descriptor
                        0x00003455   0x30  Code  Lc  usb_framework.o [1]
USB_Strd_Req_Get_Interface
                        0x000033d5   0x1c  Code  Lc  usb_framework.o [1]
USB_Strd_Req_Get_Status
                        0x00003165   0x86  Code  Lc  usb_framework.o [1]
USB_Strd_Req_Set_Address
                        0x000032f9   0x1c  Code  Lc  usb_framework.o [1]
USB_Strd_Req_Set_Config
                        0x00003367   0x6e  Code  Lc  usb_framework.o [1]
USB_Strd_Req_Set_Interface
                        0x000033f1   0x26  Code  Lc  usb_framework.o [1]
USB_Strd_Req_Sync_Frame
                        0x00003417   0x1a  Code  Lc  usb_framework.o [1]
USB_Suspend_Service     0x000025c5   0x1a  Code  Lc  usb_class.o [1]
Virtual_Com_Recv_Serial_Data
                        0x0000146f   0x4c  Code  Lc  ekg.o [1]
Virtual_Com_Send_Serial_Data
                        0x000014bd   0x3a  Code  Lc  ekg.o [1]
Watchdog_Reset          0x00001179   0x18  Code  Gb  wdt_kinetis.o [1]
_I2C1_S                 0x40067003    0x1  Data  Gb  IICV1Driver.o [1]
_IICDrvStatus           0x20000ecc    0x4  Data  Gb  IICV1Driver.o [1]
___VECTOR_RAM           0x00000000         Data  Gb  cstartup_M.o [1]
__aeabi_memset          0x00001191         Code  Gb  ABImemset.o [4]
__cmain                 0x00003e91         Code  Gb  cmain.o [4]
__exit                  0x00003ebd   0x14  Code  Gb  exit.o [5]
__iar_Memset            0x00001191         Code  Gb  ABImemset.o [4]
__iar_Memset_word       0x00001199         Code  Gb  ABImemset.o [4]
__iar_copy_init3        0x00003dd1   0x2c  Code  Gb  copy_init3.o [4]
__iar_data_init3        0x00003e25   0x28  Code  Gb  data_init.o [4]
__iar_program_start     0x00003f5d         Code  Gb  cstartup_M.o [4]
__iar_unaligned___aeabi_memcpy
                        0x00003951         Code  Gb  ABImemcpy_unaligned.o [4]
__iar_unaligned___aeabi_memcpy4
                        0x00003971         Code  Gb  ABImemcpy_unaligned.o [4]
__iar_unaligned___aeabi_memcpy8
                        0x00003971         Code  Gb  ABImemcpy_unaligned.o [4]
__iar_zero_init3        0x00003d31   0x40  Code  Gb  zero_init3.o [4]
__low_level_init        0x00003da5   0x2c  Code  Gb  low_level_init.o [1]
__smlabb                0x000036f1         Code  Gb  dsp.o [1]
__smlabt                0x000036f7         Code  Gb  dsp.o [1]
__smlad                 0x00003709         Code  Gb  dsp.o [1]
__smladx                0x0000370f         Code  Gb  dsp.o [1]
__smlal                 0x000036e5         Code  Gb  dsp.o [1]
__smlalbb               0x00003715         Code  Gb  dsp.o [1]
__smlalbt               0x0000371b         Code  Gb  dsp.o [1]
__smlald                0x0000372d         Code  Gb  dsp.o [1]
__smlaldx               0x00003733         Code  Gb  dsp.o [1]
__smlaltb               0x00003721         Code  Gb  dsp.o [1]
__smlaltt               0x00003727         Code  Gb  dsp.o [1]
__smlatb                0x000036fd         Code  Gb  dsp.o [1]
__smlatt                0x00003703         Code  Gb  dsp.o [1]
__smlawb                0x00003739         Code  Gb  dsp.o [1]
__smlawt                0x0000373f         Code  Gb  dsp.o [1]
__smlsd                 0x00003745         Code  Gb  dsp.o [1]
__smlsdx                0x0000374b         Code  Gb  dsp.o [1]
__smlsld                0x00003751         Code  Gb  dsp.o [1]
__smlsldx               0x00003757         Code  Gb  dsp.o [1]
__smmla                 0x0000375d         Code  Gb  dsp.o [1]
__smmlar                0x00003763         Code  Gb  dsp.o [1]
__smmls                 0x00003769         Code  Gb  dsp.o [1]
__smmlsr                0x0000376f         Code  Gb  dsp.o [1]
__smmul                 0x00003775         Code  Gb  dsp.o [1]
__smmulr                0x0000377b         Code  Gb  dsp.o [1]
__smuad                 0x00003781         Code  Gb  dsp.o [1]
__smuadx                0x00003787         Code  Gb  dsp.o [1]
__smulbb                0x0000378d         Code  Gb  dsp.o [1]
__smulbt                0x00003793         Code  Gb  dsp.o [1]
__smull                 0x000036eb         Code  Gb  dsp.o [1]
__smultb                0x00003799         Code  Gb  dsp.o [1]
__smultt                0x0000379f         Code  Gb  dsp.o [1]
__smulwb                0x000037a5         Code  Gb  dsp.o [1]
__smulwt                0x000037ab         Code  Gb  dsp.o [1]
__smusd                 0x000037b1         Code  Gb  dsp.o [1]
__smusdx                0x000037b7         Code  Gb  dsp.o [1]
__ssat01A01             0x0000388f         Code  Gb  dsp.o [1]
__ssat01A02             0x00003895         Code  Gb  dsp.o [1]
__ssat01A03             0x0000389b         Code  Gb  dsp.o [1]
__ssat01A04             0x000038a1         Code  Gb  dsp.o [1]
__ssat01A05             0x000038a7         Code  Gb  dsp.o [1]
__ssat01A06             0x000038ad         Code  Gb  dsp.o [1]
__ssat01A07             0x000038b3         Code  Gb  dsp.o [1]
__ssat01A08             0x000038b9         Code  Gb  dsp.o [1]
__ssat01A09             0x000038bf         Code  Gb  dsp.o [1]
__ssat01A10             0x000038c5         Code  Gb  dsp.o [1]
__ssat01A11             0x000038cb         Code  Gb  dsp.o [1]
__ssat01A12             0x000038d1         Code  Gb  dsp.o [1]
__ssat01A13             0x000038d7         Code  Gb  dsp.o [1]
__ssat01A14             0x000038dd         Code  Gb  dsp.o [1]
__ssat01A15             0x000038e3         Code  Gb  dsp.o [1]
__ssat01A16             0x000038e9         Code  Gb  dsp.o [1]
__ssat01A17             0x000038ef         Code  Gb  dsp.o [1]
__ssat01A18             0x000038f5         Code  Gb  dsp.o [1]
__ssat01A19             0x000038fb         Code  Gb  dsp.o [1]
__ssat01A20             0x00003901         Code  Gb  dsp.o [1]
__ssat01A21             0x00003907         Code  Gb  dsp.o [1]
__ssat01A22             0x0000390d         Code  Gb  dsp.o [1]
__ssat01A23             0x00003913         Code  Gb  dsp.o [1]
__ssat01A24             0x00003919         Code  Gb  dsp.o [1]
__ssat01A25             0x0000391f         Code  Gb  dsp.o [1]
__ssat01A26             0x00003925         Code  Gb  dsp.o [1]
__ssat01A27             0x0000392b         Code  Gb  dsp.o [1]
__ssat01A28             0x00003931         Code  Gb  dsp.o [1]
__ssat01A29             0x00003937         Code  Gb  dsp.o [1]
__ssat01A30             0x0000393d         Code  Gb  dsp.o [1]
__ssat01A31             0x00003943         Code  Gb  dsp.o [1]
__ssat01A32             0x00003949         Code  Gb  dsp.o [1]
__ssat01L00             0x000037cf         Code  Gb  dsp.o [1]
__ssat01L01             0x000037d5         Code  Gb  dsp.o [1]
__ssat01L02             0x000037db         Code  Gb  dsp.o [1]
__ssat01L03             0x000037e1         Code  Gb  dsp.o [1]
__ssat01L04             0x000037e7         Code  Gb  dsp.o [1]
__ssat01L05             0x000037ed         Code  Gb  dsp.o [1]
__ssat01L06             0x000037f3         Code  Gb  dsp.o [1]
__ssat01L07             0x000037f9         Code  Gb  dsp.o [1]
__ssat01L08             0x000037ff         Code  Gb  dsp.o [1]
__ssat01L09             0x00003805         Code  Gb  dsp.o [1]
__ssat01L10             0x0000380b         Code  Gb  dsp.o [1]
__ssat01L11             0x00003811         Code  Gb  dsp.o [1]
__ssat01L12             0x00003817         Code  Gb  dsp.o [1]
__ssat01L13             0x0000381d         Code  Gb  dsp.o [1]
__ssat01L14             0x00003823         Code  Gb  dsp.o [1]
__ssat01L15             0x00003829         Code  Gb  dsp.o [1]
__ssat01L16             0x0000382f         Code  Gb  dsp.o [1]
__ssat01L17             0x00003835         Code  Gb  dsp.o [1]
__ssat01L18             0x0000383b         Code  Gb  dsp.o [1]
__ssat01L19             0x00003841         Code  Gb  dsp.o [1]
__ssat01L20             0x00003847         Code  Gb  dsp.o [1]
__ssat01L21             0x0000384d         Code  Gb  dsp.o [1]
__ssat01L22             0x00003853         Code  Gb  dsp.o [1]
__ssat01L23             0x00003859         Code  Gb  dsp.o [1]
__ssat01L24             0x0000385f         Code  Gb  dsp.o [1]
__ssat01L25             0x00003865         Code  Gb  dsp.o [1]
__ssat01L26             0x0000386b         Code  Gb  dsp.o [1]
__ssat01L27             0x00003871         Code  Gb  dsp.o [1]
__ssat01L28             0x00003877         Code  Gb  dsp.o [1]
__ssat01L29             0x0000387d         Code  Gb  dsp.o [1]
__ssat01L30             0x00003883         Code  Gb  dsp.o [1]
__ssat01L31             0x00003889         Code  Gb  dsp.o [1]
__umaal                 0x000037c9         Code  Gb  dsp.o [1]
__umlal                 0x000037bd         Code  Gb  dsp.o [1]
__umull                 0x000037c3         Code  Gb  dsp.o [1]
__vector_table          0x00000000         Data  Gb  cstartup_M.o [1]
_call_main              0x00003e9d         Code  Gb  cmain.o [4]
_exit                   0x00003eb1         Code  Gb  cexit.o [4]
_main                   0x00003ea7         Code  Gb  cmain.o [4]
exit                    0x00003eab    0x4  Code  Gb  exit.o [3]
ext_req_to_host         0x20000e40   0x20  Data  Lc  usb_framework.o [1]
g_EPn                   0x20000f51    0x1  Data  Lc  usb_driver.o [1]
g_EPn_max               0x20000f52    0x1  Data  Lc  usb_driver.o [1]
g_Mem                   0x20000400  0x400  Data  Lc  usb_dci_kinetis.o [1]
g_TimerObjectArray      0x20000db8   0x28  Data  Gb  RealTimerCounter_kinetis.o [1]
g_abstract_state        0x20000f2a    0x2  Data  Lc  usb_descriptor.o [1]
g_alternate_interface   0x20000f50    0x1  Data  Lc  usb_descriptor.o [1]
g_assigned_address      0x20000f53    0x1  Data  Lc  usb_framework.o [1]
g_bdt_address           0x20000eec    0x4  Data  Lc  usb_dci_kinetis.o [1]
g_bdt_elem              0x20000800  0x240  Data  Lc  usb_dci_kinetis.o [1]
g_bdtmap                0x20000ee8    0x4  Data  Gb  usb_dci_kinetis.o [1]
g_break_duration        0x20000f26    0x2  Data  Lc  usb_cdc_pstn.o [1]
g_cdc_class_callback    0x20000ed4    0x4  Data  Lc  usb_cdc.o [1]
g_cdc_ep                0x20000b0c   0x9c  Data  Lc  usb_cdc.o [1]
g_class_callback        0x20000ee4    0x4  Data  Lc  usb_class.o [1]
g_config_descriptor     0x2000011c   0x44  Data  Gb  usb_descriptor.o [1]
g_country_code          0x20000f2c    0x2  Data  Lc  usb_descriptor.o [1]
g_curr_recv_buf         0x20000c28   0x78  Data  Lc  ekg.o [1]
g_curr_send_buf         0x20000ca0   0x78  Data  Lc  ekg.o [1]
g_current_interface     0x20000f4e    0x1  Data  Lc  usb_cdc_pstn.o [1]
g_dci_controller_Id     0x20000f4f    0x1  Data  Lc  usb_dci_kinetis.o [1]
g_device_descriptor     0x200001e0   0x14  Data  Gb  usb_descriptor.o [1]
g_device_state_before_suspend
                        0x20000f28    0x2  Data  Lc  usb_class.o [1]
g_dte_present           0x20000f4c    0x1  Data  Lc  usb_cdc_pstn.o [1]
g_dte_status            0x20000f4d    0x1  Data  Lc  usb_cdc_pstn.o [1]
g_framework_callback    0x20000ef0    0x4  Data  Lc  usb_framework.o [1]
g_languages             0x00003f0c   0x14  Data  Gb  usb_descriptor.o [1]
g_line_coding           0x20000200    0x8  Data  Lc  usb_descriptor.o [1]
g_other_req_callback    0x20000ef4    0x4  Data  Lc  usb_framework.o [1]
g_pstn_callback         0x20000edc    0x4  Data  Lc  usb_cdc_pstn.o [1]
g_recv_size             0x20000f41    0x1  Data  Lc  ekg.o [1]
g_send_size             0x20000f42    0x1  Data  Lc  ekg.o [1]
g_serial_state_buf      0x200001f4    0xc  Data  Lc  usb_cdc_pstn.o [1]
g_setup_pkt             0x20000ec4    0x8  Data  Lc  usb_framework.o [1]
g_standard_request      0x00003d70   0x34  Data  Gb  usb_framework.o [1]
g_std_desc_size         0x00003f30   0x10  Data  Gb  usb_descriptor.o [1]
g_std_descriptors       0x00003e70   0x20  Data  Gb  usb_descriptor.o [1]
g_std_framework_data    0x20000f2e    0x2  Data  Lc  usb_framework.o [1]
g_string_desc_size      0x00003f78    0x4  Data  Gb  usb_descriptor.o [1]
g_string_descriptors    0x00003f40   0x10  Data  Gb  usb_descriptor.o [1]
g_trf_direction         0x20000214    0x1  Data  Lc  usb_dci_kinetis.o [1]
g_uart_bitmap           0x20000ee0    0x4  Data  Lc  usb_cdc_pstn.o [1]
g_usb_CB                0x20000d18   0x60  Data  Lc  usb_driver.o [1]
g_usb_component_status  0x20000e90   0x10  Data  Lc  usb_driver.o [1]
g_usb_ep_status         0x20000ea0   0x10  Data  Lc  usb_driver.o [1]
g_valid_config_values   0x00000f3a    0x2  Data  Gb  usb_descriptor.o [1]
g_validate_request      0x00003dfc   0x28  Data  Gb  usb_framework.o [1]
g_vendor_req_callback   0x20000ed8    0x4  Data  Lc  usb_cdc.o [1]
gi32ADC_Buffer          0x20000a40   0xcc  Data  Gb  Kinetis_FIR.o [1]
gi32FIR_Coeficients1    0x20000000   0xd0  Data  Gb  Kinetis_FIR.o [1]
gu16FIR_Data            0x20000ba8   0x80  Data  Gb  Kinetis_FIR.o [1]
gu8FTM0_TOF             0x20000f49    0x1  Data  Gb  Kinetis_FTM.o [1]
gu8FilterDataReady      0x20000f48    0x1  Data  Gb  Kinetis_FIR.o [1]
gu8Flags                0x20000f47    0x1  Data  Gb  IICV1Driver.o [1]
i32Filter_Execution     0x000028f1   0x4e  Code  Gb  Kinetis_FIR.o [1]
i_index                 0x20000f3b    0x1  Data  Gb  Ecg.o [1]
j_index                 0x20000f3c    0x1  Data  Gb  Ecg.o [1]
kbi_stat                0x20000f4b    0x1  Data  Gb  main_kinetis.o [1]
kbi_stat_sim            0x20000f4a    0x1  Data  Gb  main_kinetis.o [1]
main                    0x000039d1   0x1e  Code  Gb  main_kinetis.o [1]
median_array            0x20000e20   0x20  Data  Gb  Ecg.o [1]
median_val              0x20000f08    0x2  Data  Gb  Ecg.o [1]
opamp1_gp_mode          0x00001915   0x1a  Code  Gb  OPAMP.o [1]
opamp2_noninverting_mode
                        0x00001957   0x12  Code  Gb  OPAMP.o [1]
pll_init                0x00003b03   0x88  Code  Lc  main_kinetis.o [1]
samplesBetweenPulses    0x20000f02    0x2  Data  Lc  Ecg.o [1]
send_string             0x00002a2f   0x1c  Code  Gb  uart.o [1]
set_sys_dividers        0x200000d1   0x4c  Code  Gb  main_kinetis.o [1]
start_app               0x20000f3f    0x1  Data  Lc  ekg.o [1]
start_transactions      0x20000f40    0x1  Data  Lc  ekg.o [1]
temp_var                0x20000f06    0x2  Data  Gb  Ecg.o [1]
u16Debounce             0x20000f0c    0x2  Data  Lc  ekg.o [1]
u8Gain_index            0x20000210    0x1  Data  Lc  ekg.o [1]
u8HR_Gain_index         0x20000211    0x1  Data  Gb  HeartRate.o [1]
uart_init               0x00002941   0xc8  Code  Gb  uart.o [1]
uart_putchar            0x00002a25    0xa  Code  Gb  uart.o [1]
usb_desc_ep             0x00003f20   0x10  Data  Gb  usb_descriptor.o [1]
vfnEnable_AFE           0x000017a3   0x2e  Code  Gb  ekg.o [1]
vfnFilter_Periodic_Task
                        0x00002801   0xce  Code  Gb  Kinetis_FIR.o [1]
vfnHRSamplingRoutine    0x0000363d   0x5a  Code  Gb  HeartRate.o [1]
vfnIICV1Interrupt       0x00003cb1   0x74  Code  Gb  IICV1Driver.o [1]


[1] = C:\Users\Manuel\Documents\Software\prototype\app\cdc\iar_ew\kinetis\Flash_Debug_K40\Obj
[2] = command line
[3] = dl7M_tln.a
[4] = rt7M_tl.a
[5] = shb_l.a

  15 150 bytes of readonly  code memory
      76 bytes of readwrite code memory
   1 030 bytes of readonly  data memory
  20 229 bytes of readwrite data memory (+ 5 absolute)

Errors: none
Warnings: none
